[us] 5897 ticker · period=5y · chunk=250
  [0] checkpoint ada — dilewati
  [1] checkpoint ada — dilewati
  [2] checkpoint ada — dilewati
  [3] checkpoint ada — dilewati
  [4] checkpoint ada — dilewati
  [5] checkpoint ada — dilewati
  [6] checkpoint ada — dilewati
  [7] checkpoint ada — dilewati
  [8] checkpoint ada — dilewati
  [9] checkpoint ada — dilewati
  [10] checkpoint ada — dilewati
  [11] checkpoint ada — dilewati
  [12] checkpoint ada — dilewati
  [13] checkpoint ada — dilewati
  [14] checkpoint ada — dilewati
  [15] checkpoint ada — dilewati
  [16] checkpoint ada — dilewati
  [17] checkpoint ada — dilewati
  [18] checkpoint ada — dilewati
  [19] checkpoint ada — dilewati
  [20] checkpoint ada — dilewati
  [21] checkpoint ada — dilewati
  [22] checkpoint ada — dilewati
  [23] checkpoint ada — dilewati
  SWEEP: 109 ticker belum dapat — paling banyak 900 dicoba ulang pelan-pelan (sisanya tunggu run berikutnya)
  SWEEP selesai — total dapat 5805 ticker
[us] 13 ticker dari cache lama di luar universe saat ini — dibuang (universe berubah).
[us] panel: 6,314,995 saham-hari · 5792 ticker · 2021-09-27 -> 2026-10-02
[us] tersimpan: /home/runner/work/sahambuku/sahambuku/research/markets/../.cache/markets/us_panel.pkl
